// Jest Snapshot v1, https://goo.gl/fbAQLP

exports[`renders side bar correctly should render list of folders 1`] = `ShallowWrapper {}`;
